TranslationUnit
  Script
    Block
      ExprStmt suppressed
        Call [any]
          Name disp (builtin) [@handle]
          Call [double]
            Name sq (function) [@handle]
            IntLit 5 [double]
      ExprStmt suppressed
        Call [any]
          Name disp (builtin) [@handle]
          Call [double:vec[3]]
            Name sq__s1 (function) [@handle]
            MatrixLit rows=1 [double:vec[3]]
              Row 0
                IntLit 1 [double]
                IntLit 2 [double]
                IntLit 3 [double]
      ExprStmt suppressed
        Call [any]
          Name disp (builtin) [@handle]
          Call [double:mat[2,2]]
            Name twice__s1 (function) [@handle]
            MatrixLit rows=2 [double:mat[2,2]]
              Row 0
                IntLit 1 [double]
                IntLit 2 [double]
              Row 1
                IntLit 3 [double]
                IntLit 4 [double]
      ExprStmt suppressed
        Call [any]
          Name disp (builtin) [@handle]
          Call [double]
            Name twice (function) [@handle]
            IntLit 7 [double]
  Function sq
    Inputs: x[double]
    Outputs: y[double]
    Locals:
    Block
      AssignStmt suppressed
        LHS
          Name y (output) [double]
        RHS
          BinOp .* [double]
            Name x (param) [double]
            Name x (param) [double]
  Function twice
    Inputs: x[double]
    Outputs: y[double]
    Locals:
    Block
      AssignStmt suppressed
        LHS
          Name y (output) [double]
        RHS
          BinOp + [double]
            Name x (param) [double]
            Name x (param) [double]
  Function sq__s1
    Inputs: x[double:vec[3]]
    Outputs: y[double:vec[3]]
    Locals:
    Block
      AssignStmt suppressed
        LHS
          Name y (output) [double:vec[3]]
        RHS
          BinOp .* [double:vec[3]]
            Name x (param) [double:vec[3]]
            Name x (param) [double:vec[3]]
  Function twice__s1
    Inputs: x[double:mat[2,2]]
    Outputs: y[double:mat[2,2]]
    Locals:
    Block
      AssignStmt suppressed
        LHS
          Name y (output) [double:mat[2,2]]
        RHS
          BinOp + [double:mat[2,2]]
            Name x (param) [double:mat[2,2]]
            Name x (param) [double:mat[2,2]]
monomorphize: iterations=2 clones=2 rewrites=2 converged=true
