module {
  func.func @script() {
    %0 = "matlab.alloc"() {name = "g"} : () -> none
    %1 = "matlab.alloc"() {name = "x"} : () -> none
    %2 = "matlab.alloc"() {name = "f"} : () -> none
    %3 = "matlab.make_handle"() {callee = "sin"} : () -> none
    "matlab.store"(%3, %2) : (none, none) -> ()
    %4 = "matlab.make_anon"() ({
      %5 = "matlab.load"(%1) : (none) -> none
      %6 = "matlab.const_int"() {value = 2 : i64} : () -> f64
      %7 = "matlab.epow"(%5, %6) : (none, f64) -> none
      %8 = "matlab.const_int"() {value = 1 : i64} : () -> f64
      %9 = "matlab.add"(%7, %8) : (none, f64) -> none
      "matlab.yield"(%9) : (none) -> ()
    }) {params = "x"} : () -> none
    "matlab.store"(%4, %0) : (none, none) -> ()
    return
  }
}
