module {
  func.func @absval(%arg0: none) -> none {
    %cst = arith.constant 0.000000e+00 : f64
    %0 = "matlab.alloc"() {name = "x"} : () -> none
    "matlab.store"(%arg0, %0) : (none, none) -> ()
    %1 = "matlab.alloc"() {name = "y"} : () -> none
    %2 = "matlab.load"(%0) : (none) -> none
    %3 = "matlab.ge"(%2, %cst) : (none, f64) -> i1
    scf.if %3 {
      %5 = "matlab.load"(%0) : (none) -> none
      "matlab.store"(%5, %1) : (none, none) -> ()
    } else {
      %5 = "matlab.load"(%0) : (none) -> none
      %6 = "matlab.neg"(%5) : (none) -> none
      "matlab.store"(%6, %1) : (none, none) -> ()
    }
    %4 = "matlab.load"(%1) : (none) -> none
    return %4 : none
  }
}
