module {
  func.func @script() {
    %cst = arith.constant 0.000000e+00 : f64
    %cst_0 = arith.constant 8.000000e+00 : f64
    %cst_1 = arith.constant 7.000000e+00 : f64
    %cst_2 = arith.constant 6.000000e+00 : f64
    %cst_3 = arith.constant 5.000000e+00 : f64
    %cst_4 = arith.constant 4.000000e+00 : f64
    %cst_5 = arith.constant 3.000000e+00 : f64
    %cst_6 = arith.constant 2.000000e+00 : f64
    %cst_7 = arith.constant 1.000000e+00 : f64
    %0 = "matlab.alloc"() {name = "k"} : () -> f64
    %1 = "matlab.alloc"() {name = "sumv"} : () -> f64
    %2 = "matlab.alloc"() {name = "j"} : () -> f64
    %3 = "matlab.alloc"() {name = "i"} : () -> f64
    %4 = "matlab.alloc"() {name = "C"} : () -> tensor<2x2xf64>
    %5 = "matlab.alloc"() {name = "B"} : () -> tensor<2x2xf64>
    %6 = "matlab.alloc"() {name = "A"} : () -> tensor<2x2xf64>
    %7 = "matlab.concat_row"(%cst_7, %cst_6) : (f64, f64) -> none
    %8 = "matlab.concat_row"(%cst_5, %cst_4) : (f64, f64) -> none
    %9 = "matlab.concat_col"(%7, %8) : (none, none) -> tensor<2x2xf64>
    "matlab.store"(%9, %6) : (tensor<2x2xf64>, tensor<2x2xf64>) -> ()
    %10 = "matlab.concat_row"(%cst_3, %cst_2) : (f64, f64) -> none
    %11 = "matlab.concat_row"(%cst_1, %cst_0) : (f64, f64) -> none
    %12 = "matlab.concat_col"(%10, %11) : (none, none) -> tensor<2x2xf64>
    "matlab.store"(%12, %5) : (tensor<2x2xf64>, tensor<2x2xf64>) -> ()
    %13 = "matlab.concat_row"(%cst, %cst) : (f64, f64) -> none
    %14 = "matlab.concat_row"(%cst, %cst) : (f64, f64) -> none
    %15 = "matlab.concat_col"(%13, %14) : (none, none) -> tensor<2x2xf64>
    "matlab.store"(%15, %4) : (tensor<2x2xf64>, tensor<2x2xf64>) -> ()
    %16 = "matlab.range"(%cst_7, %cst_6) {has_step = false} : (f64, f64) -> tensor<2xf64>
    "matlab.for"(%16) ({
    ^bb0(%arg0: f64):
      %cst_8 = arith.constant 2.000000e+00 : f64
      %cst_9 = arith.constant 1.000000e+00 : f64
      "matlab.store"(%arg0, %3) : (f64, f64) -> ()
      %17 = "matlab.range"(%cst_9, %cst_8) {has_step = false} : (f64, f64) -> tensor<2xf64>
      "matlab.for"(%17) ({
      ^bb0(%arg1: f64):
        %cst_10 = arith.constant 2.000000e+00 : f64
        %cst_11 = arith.constant 1.000000e+00 : f64
        %cst_12 = arith.constant 0.000000e+00 : f64
        "matlab.store"(%arg1, %2) : (f64, f64) -> ()
        "matlab.store"(%cst_12, %1) : (f64, f64) -> ()
        %18 = "matlab.range"(%cst_11, %cst_10) {has_step = false} : (f64, f64) -> tensor<2xf64>
        "matlab.for"(%18) ({
        ^bb0(%arg2: f64):
          "matlab.store"(%arg2, %0) : (f64, f64) -> ()
          %24 = "matlab.load"(%1) : (f64) -> f64
          %25 = "matlab.load"(%6) : (tensor<2x2xf64>) -> tensor<2x2xf64>
          %26 = "matlab.load"(%3) : (f64) -> f64
          %27 = "matlab.load"(%0) : (f64) -> f64
          %28 = "matlab.subscript"(%25, %26, %27) {nindices = 2 : i64} : (tensor<2x2xf64>, f64, f64) -> f64
          %29 = "matlab.load"(%5) : (tensor<2x2xf64>) -> tensor<2x2xf64>
          %30 = "matlab.load"(%0) : (f64) -> f64
          %31 = "matlab.load"(%2) : (f64) -> f64
          %32 = "matlab.subscript"(%29, %30, %31) {nindices = 2 : i64} : (tensor<2x2xf64>, f64, f64) -> f64
          %33 = arith.mulf %28, %32 : f64
          %34 = arith.addf %24, %33 : f64
          "matlab.store"(%34, %1) : (f64, f64) -> ()
          "matlab.yield"() : () -> ()
        }) {var = "k"} : (tensor<2xf64>) -> ()
        %19 = "matlab.load"(%1) : (f64) -> f64
        %20 = "matlab.load"(%4) : (tensor<2x2xf64>) -> tensor<2x2xf64>
        %21 = "matlab.load"(%3) : (f64) -> f64
        %22 = "matlab.load"(%2) : (f64) -> f64
        %23 = "matlab.call_builtin"(%20, %21, %22, %19) {callee = "__subscript_store"} : (tensor<2x2xf64>, f64, f64, f64) -> none
        "matlab.yield"() : () -> ()
      }) {var = "j"} : (tensor<2xf64>) -> ()
      "matlab.yield"() : () -> ()
    }) {var = "i"} : (tensor<2xf64>) -> ()
    return
  }
}
