module {
  func.func @script() {
    %cst = arith.constant 9.000000e+00 : f64
    %cst_0 = arith.constant 8.000000e+00 : f64
    %cst_1 = arith.constant 7.000000e+00 : f64
    %cst_2 = arith.constant 6.000000e+00 : f64
    %cst_3 = arith.constant 5.000000e+00 : f64
    %cst_4 = arith.constant 4.000000e+00 : f64
    %cst_5 = arith.constant 1.000000e+00 : f64
    %cst_6 = arith.constant 2.000000e+00 : f64
    %cst_7 = arith.constant 3.000000e+00 : f64
    %0 = "matlab.concat_row"(%cst_5, %cst_6, %cst_7) : (f64, f64, f64) -> none
    %1 = "matlab.concat_row"(%cst_4, %cst_3, %cst_2) : (f64, f64, f64) -> none
    %2 = "matlab.concat_row"(%cst_1, %cst_0, %cst) : (f64, f64, f64) -> none
    %3 = "matlab.concat_col"(%0, %1, %2) : (none, none, none) -> tensor<3x3xf64>
    %4 = "matlab.call"(%3) {callee = "upper_left_2x2"} : (tensor<3x3xf64>) -> none
    return
  }
  func.func @upper_left_2x2(%arg0: none {matlab.name = "A"}) -> none {
    %cst = arith.constant 2.000000e+00 : f64
    %cst_0 = arith.constant 1.000000e+00 : f64
    %0 = "matlab.alloc"() {name = "S"} : () -> none
    %1 = "matlab.range"(%cst_0, %cst) {has_step = false} : (f64, f64) -> tensor<2xf64>
    %2 = "matlab.range"(%cst_0, %cst) {has_step = false} : (f64, f64) -> tensor<2xf64>
    %3 = "matlab.subscript"(%arg0, %1, %2) {nindices = 2 : i64} : (none, tensor<2xf64>, tensor<2xf64>) -> !llvm.ptr
    "matlab.store"(%3, %0) : (!llvm.ptr, none) -> ()
    %4 = "matlab.load"(%0) : (none) -> none
    return %4 : none
  }
}
