module {
  func.func @script() {
    %cst = arith.constant 9.000000e+00 : f64
    %cst_0 = arith.constant 8.000000e+00 : f64
    %cst_1 = arith.constant 7.000000e+00 : f64
    %cst_2 = arith.constant 6.000000e+00 : f64
    %cst_3 = arith.constant 5.000000e+00 : f64
    %cst_4 = arith.constant 4.000000e+00 : f64
    %cst_5 = arith.constant 1.000000e+00 : f64
    %cst_6 = arith.constant 2.000000e+00 : f64
    %cst_7 = arith.constant 3.000000e+00 : f64
    %0 = "matlab.concat_row"(%cst_5, %cst_6, %cst_7) : (f64, f64, f64) -> none
    %1 = "matlab.concat_row"(%cst_4, %cst_3, %cst_2) : (f64, f64, f64) -> none
    %2 = "matlab.concat_row"(%cst_1, %cst_0, %cst) : (f64, f64, f64) -> none
    %3 = "matlab.concat_col"(%0, %1, %2) : (none, none, none) -> tensor<3x3xf64>
    %4 = "matlab.colon"() : () -> none
    %5 = "matlab.subscript"(%3, %cst_5, %4) {nindices = 2 : i64} : (tensor<3x3xf64>, f64, none) -> tensor<*xf64>
    %6 = "matlab.colon"() : () -> none
    %7 = "matlab.subscript"(%3, %cst_7, %6) {nindices = 2 : i64} : (tensor<3x3xf64>, f64, none) -> tensor<*xf64>
    %8 = "matlab.colon"() : () -> none
    %9 = "matlab.subscript"(%3, %8, %cst_5) {nindices = 2 : i64} : (tensor<3x3xf64>, none, f64) -> tensor<*xf64>
    %10 = "matlab.colon"() : () -> none
    %11 = "matlab.subscript"(%3, %10, %cst_6) {nindices = 2 : i64} : (tensor<3x3xf64>, none, f64) -> tensor<*xf64>
    return
  }
}
