module {
  func.func @script() {
    %cst = arith.constant 9.000000e+00 : f64
    %cst_0 = arith.constant 8.000000e+00 : f64
    %cst_1 = arith.constant 7.000000e+00 : f64
    %cst_2 = arith.constant 6.000000e+00 : f64
    %cst_3 = arith.constant 5.000000e+00 : f64
    %cst_4 = arith.constant 4.000000e+00 : f64
    %cst_5 = arith.constant 1.000000e+00 : f64
    %cst_6 = arith.constant 2.000000e+00 : f64
    %cst_7 = arith.constant 3.000000e+00 : f64
    %0 = "matlab.concat_row"(%cst_5, %cst_6, %cst_7) : (f64, f64, f64) -> none
    %1 = "matlab.concat_row"(%cst_4, %cst_3, %cst_2) : (f64, f64, f64) -> none
    %2 = "matlab.concat_row"(%cst_1, %cst_0, %cst) : (f64, f64, f64) -> none
    %3 = "matlab.concat_col"(%0, %1, %2) {matlab.name = "A"} : (none, none, none) -> tensor<3x3xf64>
    %4 = "matlab.range"(%cst_5, %cst_6) {has_step = false} : (f64, f64) -> tensor<2xf64>
    %5 = "matlab.range"(%cst_5, %cst_6) {has_step = false} : (f64, f64) -> tensor<2xf64>
    %6 = "matlab.subscript"(%3, %4, %5) {matlab.name = "S", nindices = 2 : i64} : (tensor<3x3xf64>, tensor<2xf64>, tensor<2xf64>) -> tensor<2x2xf64>
    %7 = "matlab.range"(%cst_6, %cst_7) {has_step = false} : (f64, f64) -> tensor<2xf64>
    %8 = "matlab.range"(%cst_6, %cst_7) {has_step = false} : (f64, f64) -> tensor<2xf64>
    %9 = "matlab.subscript"(%3, %7, %8) {matlab.name = "T", nindices = 2 : i64} : (tensor<3x3xf64>, tensor<2xf64>, tensor<2xf64>) -> tensor<2x2xf64>
    %10 = "matlab.colon"() : () -> none
    %11 = "matlab.range"(%cst_6, %cst_7) {has_step = false} : (f64, f64) -> tensor<2xf64>
    %12 = "matlab.subscript"(%3, %10, %11) {matlab.name = "U", nindices = 2 : i64} : (tensor<3x3xf64>, none, tensor<2xf64>) -> tensor<3x2xf64>
    %13 = "matlab.range"(%cst_6, %cst_7) {has_step = false} : (f64, f64) -> tensor<2xf64>
    %14 = "matlab.colon"() : () -> none
    %15 = "matlab.subscript"(%3, %13, %14) {matlab.name = "V", nindices = 2 : i64} : (tensor<3x3xf64>, tensor<2xf64>, none) -> tensor<2x3xf64>
    return
  }
}
