module {
  func.func @sum_even(%arg0: none {matlab.name = "n"}) -> f64 {
    %cst = arith.constant 2.000000e+00 : f64
    %cst_0 = arith.constant 0.000000e+00 : f64
    %0 = "matlab.alloc"() {name = "s"} : () -> f64
    %1 = "matlab.alloc"() {name = "i"} : () -> f64
    "matlab.store"(%cst_0, %0) : (f64, f64) -> ()
    %2 = "matlab.range"(%cst, %cst, %arg0) {has_step = true} : (f64, f64, none) -> tensor<?xf64>
    "matlab.for"(%2) ({
    ^bb0(%arg1: f64):
      "matlab.store"(%arg1, %1) : (f64, f64) -> ()
      %4 = "matlab.load"(%0) : (f64) -> f64
      %5 = "matlab.load"(%1) : (f64) -> f64
      %6 = arith.addf %4, %5 : f64
      "matlab.store"(%6, %0) : (f64, f64) -> ()
      "matlab.yield"() : () -> ()
    }) {var = "i"} : (tensor<?xf64>) -> ()
    %3 = "matlab.load"(%0) : (f64) -> f64
    return %3 : f64
  }
}
