module {
  func.func @sum_to_n(%arg0: none {matlab.name = "n"}) -> f64 {
    %cst = arith.constant 0.000000e+00 : f64
    %cst_0 = arith.constant 1.000000e+00 : f64
    %0 = "matlab.alloc"() {name = "n"} : () -> none
    "matlab.store"(%arg0, %0) : (none, none) -> ()
    %1 = "matlab.alloc"() {name = "s"} : () -> f64
    %2 = "matlab.alloc"() {name = "i"} : () -> f64
    "matlab.store"(%cst_0, %2) : (f64, f64) -> ()
    "matlab.store"(%cst, %1) : (f64, f64) -> ()
    "matlab.while"() ({
      %4 = "matlab.load"(%2) : (f64) -> f64
      %5 = "matlab.load"(%0) : (none) -> none
      %6 = "matlab.le"(%4, %5) : (f64, none) -> i1
      "matlab.yield"(%6) : (i1) -> ()
    }, {
      %cst_1 = arith.constant 1.000000e+00 : f64
      %4 = "matlab.load"(%1) : (f64) -> f64
      %5 = "matlab.load"(%2) : (f64) -> f64
      %6 = arith.addf %4, %5 : f64
      "matlab.store"(%6, %1) : (f64, f64) -> ()
      %7 = "matlab.load"(%2) : (f64) -> f64
      %8 = arith.addf %7, %cst_1 : f64
      "matlab.store"(%8, %2) : (f64, f64) -> ()
      "matlab.yield"() : () -> ()
    }) : () -> ()
    %3 = "matlab.load"(%1) : (f64) -> f64
    return %3 : f64
  }
}
