TranslationUnit
  Script
    Block
      AssignStmt suppressed
        LHS
          Name f (var) [@handle]
        RHS
          Handle @sin (builtin) [@handle]
      AssignStmt suppressed
        LHS
          Name g (var) [@handle(1->1)]
        RHS
          AnonFn params=(x) [@handle(1->1)]
            BinOp + [any]
              BinOp .^ [any]
                Name x (param) [any]
                IntLit 2 [double]
              IntLit 1 [double]
      AssignStmt suppressed
        LHS
          Name h (var) [@handle(2->1)]
        RHS
          AnonFn params=(a, b) [@handle(2->1)]
            BinOp * [any]
              Name a (param) [any]
              Name b (param) [any]
